2026-05-24 04:46:27,468 INFO o.a.j.u.JMeterUtils: Setting Locale to en_EN
2026-05-24 04:46:27,491 INFO o.a.j.JMeter: Loading user properties from: /opt/apache-jmeter-5.5/bin/user.properties
2026-05-24 04:46:27,492 INFO o.a.j.JMeter: Loading system properties from: /opt/apache-jmeter-5.5/bin/system.properties
2026-05-24 04:46:27,492 INFO o.a.j.JMeter: Setting System property: log4j2.formatMsgNoLookups=true
2026-05-24 04:46:27,492 INFO o.a.j.JMeter: Setting JMeter property: jmeter.reportgenerator.temp_dir=/jmeter/results/jmeter-temp
2026-05-24 04:46:27,492 INFO o.a.j.JMeter: Setting System property: java.io.tmpdir=/jmeter/results/jmeter-temp
2026-05-24 04:46:27,498 INFO o.a.j.JMeter: Copyright (c) 1998-2022 The Apache Software Foundation
2026-05-24 04:46:27,499 INFO o.a.j.JMeter: Version 5.5
2026-05-24 04:46:27,499 INFO o.a.j.JMeter: java.version=1.8.0_275
2026-05-24 04:46:27,499 INFO o.a.j.JMeter: java.vm.name=OpenJDK 64-Bit Server VM
2026-05-24 04:46:27,499 INFO o.a.j.JMeter: os.name=Linux
2026-05-24 04:46:27,499 INFO o.a.j.JMeter: os.arch=amd64
2026-05-24 04:46:27,499 INFO o.a.j.JMeter: os.version=6.1.0-45-amd64
2026-05-24 04:46:27,499 INFO o.a.j.JMeter: file.encoding=UTF-8
2026-05-24 04:46:27,499 INFO o.a.j.JMeter: java.awt.headless=true
2026-05-24 04:46:27,499 INFO o.a.j.JMeter: Max memory     =5075107840
2026-05-24 04:46:27,499 INFO o.a.j.JMeter: Available Processors =12
2026-05-24 04:46:27,507 INFO o.a.j.JMeter: Default Locale=English (EN)
2026-05-24 04:46:27,508 INFO o.a.j.JMeter: JMeter  Locale=English (EN)
2026-05-24 04:46:27,508 INFO o.a.j.JMeter: JMeterHome=/opt/apache-jmeter-5.5
2026-05-24 04:46:27,508 INFO o.a.j.JMeter: user.dir  =/opt/apache-jmeter-5.5
2026-05-24 04:46:27,508 INFO o.a.j.JMeter: PWD       =/opt/apache-jmeter-5.5
2026-05-24 04:46:27,509 INFO o.a.j.JMeter: IP: 127.0.1.1 Name: yesman FullName: yesman.localdomain
2026-05-24 04:46:27,531 INFO o.a.j.JMeter: Setting property 'jmeter.reportgenerator.outputdir' to:'/jmeter/results/smoke-report'
2026-05-24 04:46:27,533 INFO o.a.j.s.FileServer: Default base='/opt/apache-jmeter-5.5'
2026-05-24 04:46:27,534 INFO o.a.j.s.FileServer: Set new base='/jmeter'
2026-05-24 04:46:27,663 INFO o.a.j.s.SaveService: Testplan (JMX) version: 2.2. Testlog (JTL) version: 2.2
2026-05-24 04:46:27,683 INFO o.a.j.s.SaveService: Using SaveService properties file encoding UTF-8
2026-05-24 04:46:27,692 INFO o.a.j.s.SaveService: Using SaveService properties version 5.0
2026-05-24 04:46:27,697 INFO o.a.j.s.SaveService: Loading file: /jmeter/scriptorium-smoke.jmx
2026-05-24 04:46:27,757 INFO o.a.j.p.h.s.HTTPSamplerBase: Parser for text/html is org.apache.jmeter.protocol.http.parser.LagartoBasedHtmlParser
2026-05-24 04:46:27,757 INFO o.a.j.p.h.s.HTTPSamplerBase: Parser for application/xhtml+xml is org.apache.jmeter.protocol.http.parser.LagartoBasedHtmlParser
2026-05-24 04:46:27,757 INFO o.a.j.p.h.s.HTTPSamplerBase: Parser for application/xml is org.apache.jmeter.protocol.http.parser.LagartoBasedHtmlParser
2026-05-24 04:46:27,757 INFO o.a.j.p.h.s.HTTPSamplerBase: Parser for text/xml is org.apache.jmeter.protocol.http.parser.LagartoBasedHtmlParser
2026-05-24 04:46:27,758 INFO o.a.j.p.h.s.HTTPSamplerBase: Parser for text/vnd.wap.wml is org.apache.jmeter.protocol.http.parser.RegexpHTMLParser
2026-05-24 04:46:27,758 INFO o.a.j.p.h.s.HTTPSamplerBase: Parser for text/css is org.apache.jmeter.protocol.http.parser.CssParser
2026-05-24 04:46:28,059 INFO o.a.j.JMeter: Creating summariser <summary>
2026-05-24 04:46:28,069 INFO o.a.j.r.d.ReportGenerator: ReportGenerator will use for Parsing the separator: ','
2026-05-24 04:46:28,069 INFO o.a.j.r.d.ReportGenerator: Will generate report at end of test from  results file: /jmeter/results/smoke.jtl
2026-05-24 04:46:28,070 INFO o.a.j.r.d.ReportGenerator: Reading report generator properties from: /opt/apache-jmeter-5.5/bin/reportgenerator.properties
2026-05-24 04:46:28,070 INFO o.a.j.r.d.ReportGenerator: Merging with JMeter properties
2026-05-24 04:46:28,081 INFO o.a.j.r.c.ReportGeneratorConfiguration: Property 'jmeter.reportgenerator.apdex_per_transaction' not found, using default value 'null' instead.
2026-05-24 04:46:28,081 INFO o.a.j.r.c.ReportGeneratorConfiguration: apdex_per_transaction is empty, not APDEX per transaction customization
2026-05-24 04:46:28,081 INFO o.a.j.r.c.ReportGeneratorConfiguration: Property 'jmeter.reportgenerator.sample_filter' not found, using default value 'null' instead.
2026-05-24 04:46:28,081 INFO o.a.j.r.c.ReportGeneratorConfiguration: Property 'jmeter.reportgenerator.report_title' not found, using default value 'null' instead.
2026-05-24 04:46:28,081 INFO o.a.j.r.c.ReportGeneratorConfiguration: Property 'jmeter.reportgenerator.start_date' not found, using default value 'null' instead.
2026-05-24 04:46:28,081 INFO o.a.j.r.c.ReportGeneratorConfiguration: Property 'jmeter.reportgenerator.end_date' not found, using default value 'null' instead.
2026-05-24 04:46:28,081 INFO o.a.j.r.c.ReportGeneratorConfiguration: Property 'jmeter.reportgenerator.date_format' not found, using default value 'null' instead.
2026-05-24 04:46:28,082 INFO o.a.j.r.c.ReportGeneratorConfiguration: Will use date range start date: null, end date: null
2026-05-24 04:46:28,086 INFO o.a.j.r.c.ReportGeneratorConfiguration: Property 'jmeter.reportgenerator.graph.totalTPS.exclude_controllers' not found, using default value 'false' instead.
2026-05-24 04:46:28,086 INFO o.a.j.r.c.ReportGeneratorConfiguration: Property 'jmeter.reportgenerator.graph.activeThreadsOverTime.exclude_controllers' not found, using default value 'false' instead.
2026-05-24 04:46:28,086 INFO o.a.j.r.c.ReportGeneratorConfiguration: Property 'jmeter.reportgenerator.graph.timeVsThreads.exclude_controllers' not found, using default value 'false' instead.
2026-05-24 04:46:28,086 INFO o.a.j.r.c.ReportGeneratorConfiguration: Property 'jmeter.reportgenerator.graph.responseTimeDistribution.exclude_controllers' not found, using default value 'false' instead.
2026-05-24 04:46:28,086 INFO o.a.j.r.c.ReportGeneratorConfiguration: Property 'jmeter.reportgenerator.graph.transactionsPerSecond.exclude_controllers' not found, using default value 'false' instead.
2026-05-24 04:46:28,086 INFO o.a.j.r.c.ReportGeneratorConfiguration: Property 'jmeter.reportgenerator.graph.responseTimePercentiles.exclude_controllers' not found, using default value 'false' instead.
2026-05-24 04:46:28,086 INFO o.a.j.r.c.ReportGeneratorConfiguration: Property 'jmeter.reportgenerator.graph.responseTimePercentilesOverTime.exclude_controllers' not found, using default value 'false' instead.
2026-05-24 04:46:28,086 INFO o.a.j.r.c.ReportGeneratorConfiguration: Property 'jmeter.reportgenerator.graph.responseTimesOverTime.exclude_controllers' not found, using default value 'false' instead.
2026-05-24 04:46:28,087 INFO o.a.j.r.c.ReportGeneratorConfiguration: Property 'jmeter.reportgenerator.graph.connectTimeOverTime.exclude_controllers' not found, using default value 'false' instead.
2026-05-24 04:46:28,087 INFO o.a.j.r.c.ReportGeneratorConfiguration: Property 'jmeter.reportgenerator.graph.latenciesOverTime.exclude_controllers' not found, using default value 'false' instead.
2026-05-24 04:46:28,090 INFO o.a.j.r.c.ReportGeneratorConfiguration: Property 'jmeter.reportgenerator.exporter.json.filters_only_sample_series' not found, using default value 'true' instead.
2026-05-24 04:46:28,091 INFO o.a.j.r.c.ReportGeneratorConfiguration: Property 'jmeter.reportgenerator.exporter.json.series_filter' not found, using default value '' instead.
2026-05-24 04:46:28,091 INFO o.a.j.r.c.ReportGeneratorConfiguration: Property 'jmeter.reportgenerator.exporter.json.show_controllers_only' not found, using default value 'false' instead.
2026-05-24 04:46:28,092 INFO o.a.j.r.c.ReportGeneratorConfiguration: Property 'jmeter.reportgenerator.exporter.html.filters_only_sample_series' not found, using default value 'true' instead.
2026-05-24 04:46:28,092 INFO o.a.j.r.c.ReportGeneratorConfiguration: Property 'jmeter.reportgenerator.exporter.html.series_filter' not found, using default value '' instead.
2026-05-24 04:46:28,092 INFO o.a.j.r.c.ReportGeneratorConfiguration: Property 'jmeter.reportgenerator.exporter.html.show_controllers_only' not found, using default value 'false' instead.
2026-05-24 04:46:28,100 INFO o.a.j.e.StandardJMeterEngine: Running the test!
2026-05-24 04:46:28,101 INFO o.a.j.s.SampleEvent: List of sample_variables: []
2026-05-24 04:46:28,101 INFO o.a.j.s.SampleEvent: List of sample_variables: []
2026-05-24 04:46:28,110 INFO o.a.j.e.u.CompoundVariable: Note: Function class names must contain the string: '.functions.'
2026-05-24 04:46:28,110 INFO o.a.j.e.u.CompoundVariable: Note: Function class names must not contain the string: '.gui.'
2026-05-24 04:46:28,364 INFO o.a.j.JMeter: Running test (1779590788364)
2026-05-24 04:46:28,466 INFO o.a.j.e.StandardJMeterEngine: Starting ThreadGroup: 1 : Smoke Users
2026-05-24 04:46:28,466 INFO o.a.j.e.StandardJMeterEngine: Starting 1 threads for group Smoke Users.
2026-05-24 04:46:28,466 INFO o.a.j.e.StandardJMeterEngine: Thread will continue on error
2026-05-24 04:46:28,466 INFO o.a.j.t.ThreadGroup: Starting thread group... number=1 threads=1 ramp-up=1 delayedStart=false
2026-05-24 04:46:28,469 INFO o.a.j.t.ThreadGroup: Started thread group number 1
2026-05-24 04:46:28,470 INFO o.a.j.e.StandardJMeterEngine: All thread groups have been started
2026-05-24 04:46:28,474 INFO o.a.j.t.JMeterThread: Thread started: Smoke Users 1-1
2026-05-24 04:46:28,489 INFO o.a.j.p.h.s.HTTPHCAbstractImpl: Local host = yesman
2026-05-24 04:46:28,495 INFO o.a.j.p.h.s.HTTPHC4Impl: HTTP request retry count = 0
2026-05-24 04:46:28,497 INFO o.a.j.s.SampleResult: Note: Sample TimeStamps are START times
2026-05-24 04:46:28,497 INFO o.a.j.s.SampleResult: sampleresult.default.encoding is set to ISO-8859-1
2026-05-24 04:46:28,497 INFO o.a.j.s.SampleResult: sampleresult.useNanoTime=true
2026-05-24 04:46:28,497 INFO o.a.j.s.SampleResult: sampleresult.nanoThreadSleep=5000
2026-05-24 04:46:28,662 INFO o.a.j.t.JMeterThread: Thread is done: Smoke Users 1-1
2026-05-24 04:46:28,663 INFO o.a.j.t.JMeterThread: Thread finished: Smoke Users 1-1
2026-05-24 04:46:28,664 INFO o.a.j.e.StandardJMeterEngine: Notifying test listeners of end of test
2026-05-24 04:46:28,665 INFO o.a.j.r.Summariser: summary =     13 in 00:00:00 =   43.3/s Avg:     8 Min:     3 Max:    37 Err:     0 (0.00%)
2026-05-24 04:46:28,665 INFO o.a.j.JMeter: Generating Dashboard
2026-05-24 04:46:28,665 INFO o.a.j.r.d.ReportGenerator: Flushing result collector before report Generation
2026-05-24 04:46:28,674 INFO o.a.j.r.p.NormalizerSampleConsumer: Using format, 'ms', to parse timeStamp field
2026-05-24 04:46:28,717 INFO o.a.j.r.p.AbstractSampleConsumer: class org.apache.jmeter.report.processor.AggregateConsumer#stopProducing(): beginDate produced 0 samples
2026-05-24 04:46:28,717 INFO o.a.j.r.p.AbstractSampleConsumer: class org.apache.jmeter.report.processor.AggregateConsumer#stopProducing(): endDate produced 0 samples
2026-05-24 04:46:28,718 INFO o.a.j.r.p.AbstractSampleConsumer: class org.apache.jmeter.report.processor.ApdexSummaryConsumer#stopProducing(): apdexSummary produced 0 samples
2026-05-24 04:46:28,718 INFO o.a.j.r.p.AbstractSampleConsumer: class org.apache.jmeter.report.processor.RequestsSummaryConsumer#stopProducing(): requestsSummary produced 0 samples
2026-05-24 04:46:28,726 INFO o.a.j.r.p.AbstractSampleConsumer: class org.apache.jmeter.report.processor.StatisticsSummaryConsumer#stopProducing(): statisticsSummary produced 0 samples
2026-05-24 04:46:28,729 INFO o.a.j.r.p.AbstractSampleConsumer: class org.apache.jmeter.report.processor.Top5ErrorsBySamplerConsumer#stopProducing(): top5ErrorsBySampler produced 0 samples
2026-05-24 04:46:28,729 INFO o.a.j.r.p.AbstractSampleConsumer: class org.apache.jmeter.report.processor.ErrorsSummaryConsumer#stopProducing(): errorsSummary produced 0 samples
2026-05-24 04:46:28,730 INFO o.a.j.r.p.AbstractSampleConsumer: class org.apache.jmeter.report.processor.graph.impl.HitsPerSecondGraphConsumer#stopProducing(): hitsPerSecond produced 0 samples
2026-05-24 04:46:28,746 INFO o.a.j.r.p.AbstractSampleConsumer: class org.apache.jmeter.report.processor.graph.impl.LatencyVSRequestGraphConsumer#stopProducing(): latencyVsRequest produced 0 samples
2026-05-24 04:46:28,746 INFO o.a.j.r.p.AbstractSampleConsumer: class org.apache.jmeter.report.processor.graph.impl.SyntheticResponseTimeDistributionGraphConsumer#stopProducing(): syntheticResponseTimeDistribution produced 0 samples
2026-05-24 04:46:28,746 INFO o.a.j.r.p.AbstractSampleConsumer: class org.apache.jmeter.report.processor.graph.impl.BytesThroughputGraphConsumer#stopProducing(): bytesThroughputOverTime produced 0 samples
2026-05-24 04:46:28,746 INFO o.a.j.r.p.AbstractSampleConsumer: class org.apache.jmeter.report.processor.graph.impl.CodesPerSecondGraphConsumer#stopProducing(): codesPerSecond produced 0 samples
2026-05-24 04:46:28,749 INFO o.a.j.r.p.AbstractSampleConsumer: class org.apache.jmeter.report.processor.graph.impl.ResponseTimeVSRequestGraphConsumer#stopProducing(): responseTimeVsRequest produced 0 samples
2026-05-24 04:46:28,749 INFO o.a.j.r.p.AbstractSampleConsumer: class org.apache.jmeter.report.processor.FilterConsumer#stopProducing(): startIntervalControlerFilter produced 91 samples
2026-05-24 04:46:28,749 INFO o.a.j.r.p.AbstractSampleConsumer: class org.apache.jmeter.report.processor.graph.impl.TotalTPSGraphConsumer#stopProducing(): totalTPS produced 0 samples
2026-05-24 04:46:28,749 INFO o.a.j.r.p.AbstractSampleConsumer: class org.apache.jmeter.report.processor.graph.impl.ActiveThreadsGraphConsumer#stopProducing(): activeThreadsOverTime produced 0 samples
2026-05-24 04:46:28,749 INFO o.a.j.r.p.AbstractSampleConsumer: class org.apache.jmeter.report.processor.graph.impl.TimeVSThreadGraphConsumer#stopProducing(): timeVsThreads produced 0 samples
2026-05-24 04:46:28,750 INFO o.a.j.r.p.AbstractSampleConsumer: class org.apache.jmeter.report.processor.graph.impl.ResponseTimeDistributionGraphConsumer#stopProducing(): responseTimeDistribution produced 0 samples
2026-05-24 04:46:28,750 INFO o.a.j.r.p.AbstractSampleConsumer: class org.apache.jmeter.report.processor.graph.impl.TransactionsPerSecondGraphConsumer#stopProducing(): transactionsPerSecond produced 0 samples
2026-05-24 04:46:28,750 INFO o.a.j.r.p.AbstractSampleConsumer: class org.apache.jmeter.report.processor.graph.impl.ResponseTimePercentilesGraphConsumer#stopProducing(): responseTimePercentiles produced 0 samples
2026-05-24 04:46:28,753 INFO o.a.j.r.p.AbstractSampleConsumer: class org.apache.jmeter.report.processor.graph.impl.ResponseTimePercentilesOverTimeGraphConsumer#stopProducing(): responseTimePercentilesOverTime produced 0 samples
2026-05-24 04:46:28,754 INFO o.a.j.r.p.AbstractSampleConsumer: class org.apache.jmeter.report.processor.graph.impl.ResponseTimeOverTimeGraphConsumer#stopProducing(): responseTimesOverTime produced 0 samples
2026-05-24 04:46:28,754 INFO o.a.j.r.p.AbstractSampleConsumer: class org.apache.jmeter.report.processor.graph.impl.ConnectTimeOverTimeGraphConsumer#stopProducing(): connectTimeOverTime produced 0 samples
2026-05-24 04:46:28,754 INFO o.a.j.r.p.AbstractSampleConsumer: class org.apache.jmeter.report.processor.graph.impl.LatencyOverTimeGraphConsumer#stopProducing(): latenciesOverTime produced 0 samples
2026-05-24 04:46:28,754 INFO o.a.j.r.p.AbstractSampleConsumer: class org.apache.jmeter.report.processor.FilterConsumer#stopProducing(): nameFilter produced 195 samples
2026-05-24 04:46:28,754 INFO o.a.j.r.p.AbstractSampleConsumer: class org.apache.jmeter.report.processor.FilterConsumer#stopProducing(): dateRangeFilter produced 39 samples
2026-05-24 04:46:28,754 INFO o.a.j.r.p.AbstractSampleConsumer: class org.apache.jmeter.report.processor.NormalizerSampleConsumer#stopProducing(): normalizer produced 13 samples
2026-05-24 04:46:28,755 INFO o.a.j.r.p.CsvFileSampleSource: produce(): 13 samples produced in 60ms on channel 0
2026-05-24 04:46:28,755 INFO o.a.j.r.d.ReportGenerator: Exporting data using exporter:'json' of className:'org.apache.jmeter.report.dashboard.JsonExporter'
2026-05-24 04:46:28,873 INFO o.a.j.r.d.JsonExporter: Found data for consumer statisticsSummary in context
2026-05-24 04:46:28,874 INFO o.a.j.r.d.JsonExporter: Creating statistics for overall
2026-05-24 04:46:28,875 INFO o.a.j.r.d.JsonExporter: Creating statistics for other transactions
2026-05-24 04:46:28,875 INFO o.a.j.r.d.JsonExporter: Checking output folder
2026-05-24 04:46:28,876 INFO o.a.j.r.d.JsonExporter: Writing statistics JSON to /jmeter/results/smoke-report/statistics.json
2026-05-24 04:46:28,913 INFO o.a.j.r.d.ReportGenerator: Exporting data using exporter:'html' of className:'org.apache.jmeter.report.dashboard.HtmlTemplateExporter'
2026-05-24 04:46:28,914 INFO o.a.j.r.d.HtmlTemplateExporter: Will generate dashboard in folder: /jmeter/results/smoke-report
2026-05-24 04:46:29,010 INFO o.a.j.r.d.HtmlTemplateExporter: Report will be generated in: /jmeter/results/smoke-report, creating folder structure
2026-05-24 04:46:29,013 INFO o.a.j.r.d.TemplateVisitor: Copying folder from '/opt/apache-jmeter-5.5/bin/report-template' to '/jmeter/results/smoke-report', got message: /jmeter/results/smoke-report, found non empty folder with following content [/jmeter/results/smoke-report/statistics.json], will be ignored
2026-05-24 04:46:29,188 INFO o.a.j.JMeter: Dashboard generated
